// Jest Snapshot v1, https://goo.gl/fbAQLP

exports[`removeIdentity should remove identity 1`] = `
Object {
  "identity": Object {
    "identity": Object {
      "data": Array [],
      "indices": Array [
        Object {
          "index": Object {
            "id": 1,
          },
          "options": Object {
            "unique": true,
          },
        },
      ],
    },
  },
}
`;
