// Jest Snapshot v1, https://goo.gl/fbAQLP

exports[`config should provide configuration 1`] = `
Object {
  "BASIC_AUTH_CLIENTS": Object {
    "clients": Array [
      Object {
        "password": "secret",
        "username": "secret",
      },
    ],
  },
  "IS_TEST": true,
  "MONGO_CONNECTION_OPTIONS": Object {
    "auth": Object {
      "password": "example",
      "user": "root",
    },
    "databaseName": "device",
    "hostname": "localhost",
    "port": 27017,
    "type": "STORAGE",
  },
  "NODE_ENVIRONMENT": "test",
  "REDIS_CONNECTION_OPTIONS": Object {
    "port": 6379,
    "type": "CACHE",
  },
  "config": Object {
    "AUTH_JWT_ISSUER": "https://test.authentication.lindorm.io",
    "AUTH_WEB_KEY_HOST": "https://test.authentication.lindorm.io",
    "BASIC_AUTH_PASSWORD": "secret",
    "BASIC_AUTH_USERNAME": "secret",
    "HOST": "https://test.identity.lindorm.io",
    "MONGO_DB_NAME": "device",
    "MONGO_EXPOSE_PORT": 27017,
    "MONGO_HOST": "localhost",
    "MONGO_INITDB_ROOT_PASSWORD": "example",
    "MONGO_INITDB_ROOT_USERNAME": "root",
    "NODE_ENVIRONMENT": "test",
    "REDIS_PORT": 6379,
    "SERVER_PORT": 3000,
  },
}
`;
