// Jest Snapshot v1, https://goo.gl/fbAQLP

exports[`getIdentityOpenId should return an empty object on unknown scope 1`] = `Object {}`;

exports[`getIdentityOpenId should return claims based on scope 1`] = `
Object {
  "address": Object {
    "country": "country",
    "locality": "locality",
    "postalCode": "postalCode",
    "region": "region",
    "streetAddress": "streetAddress",
  },
  "familyName": "familyName",
  "givenName": "givenName",
  "middleName": "middleName",
}
`;
