// Jest Snapshot v1, https://goo.gl/fbAQLP

exports[`getOpenIdClaims should create an identity and return dates 1`] = `
Object {
  "displayName": "display-name-string",
  "gravatar": "https://gravatar.url/",
  "openId": "mock-open-id-data",
}
`;

exports[`getOpenIdClaims should create an identity and return dates 2`] = `
Object {
  "identity": Object {
    "identity": Object {
      "data": Array [
        Object {
          "address": Object {
            "country": "country",
            "locality": "locality",
            "postalCode": "postalCode",
            "region": "region",
            "streetAddress": "streetAddress",
          },
          "birthDate": "2000-01-01",
          "created": 2020-01-01T07:00:00.000Z,
          "displayName": Object {
            "name": "displayName",
            "number": 1234,
          },
          "events": Array [
            Object {
              "date": 2020-01-01T07:00:00.000Z,
              "name": "identity_created",
              "payload": Object {
                "address": Object {
                  "country": "country",
                  "locality": "locality",
                  "postalCode": "postalCode",
                  "region": "region",
                  "streetAddress": "streetAddress",
                },
                "birthDate": "2000-01-01",
                "displayName": Object {
                  "name": "displayName",
                  "number": 1234,
                },
                "familyName": "familyName",
                "gender": "gender",
                "givenName": "givenName",
                "gravatar": "https://gravatar.url/",
                "locale": "sv-SE",
                "middleName": "middleName",
                "nickname": "nickname",
                "phoneNumber": "+46700000000",
                "phoneNumberVerified": true,
                "picture": "https://picture.url/",
                "preferredUsername": "preferredUsername",
                "profile": "https://profile.url/",
                "username": "username",
                "website": "https://website.url/",
                "zoneInfo": "Europe/Stockholm",
              },
            },
          ],
          "familyName": "familyName",
          "gender": "gender",
          "givenName": "givenName",
          "gravatar": "https://gravatar.url/",
          "id": "b24c6bfe-8e30-4f02-9c92-f7eca5c3b1b1",
          "locale": "sv-SE",
          "middleName": "middleName",
          "nickname": "nickname",
          "phoneNumber": "+46700000000",
          "phoneNumberVerified": true,
          "picture": "https://picture.url/",
          "preferredUsername": "preferredUsername",
          "profile": "https://profile.url/",
          "updated": 2020-01-01T07:00:00.000Z,
          "username": "username",
          "version": 0,
          "website": "https://website.url/",
          "zoneInfo": "Europe/Stockholm",
        },
      ],
      "indices": Array [
        Object {
          "index": Object {
            "id": 1,
          },
          "options": Object {
            "unique": true,
          },
        },
      ],
    },
  },
}
`;
